---
source: apollo-router/src/configuration/mod.rs
assertion_line: 442
expression: config

---
server:
  listen: "1.2.3.4:5"
  cors: ~
subgraphs:
  example:
    routing_url: "http://foo/"
    extensions: []
opentelemetry:
  jaeger: ~
plugins: {}

