---
source: crates/apollo-router/src/configuration/mod.rs
expression: config

---
server:
  listen: "1.2.3.4:5"
  cors:
    origins:
      - foo
      - bar
      - baz
    methods:
      - foo
      - bar
subgraphs:
  example:
    routing_url: foo
opentelemetry: ~

